Alpha - FREE
Wide Body - Airbus A380 - KL1337 - Amsterdam - Bucharest - WAITING_FOR_LANDING - 01:50:00
Wide Body - Airbus A380 - LH1654 - Munich - Bucharest - WAITING_FOR_LANDING - 01:55:00
Wide Body - Airbus A380 - W43146 - Rome - Bucharest - WAITING_FOR_LANDING - 01:10:00
Wide Body - Airbus A380 - RO266 - Istanbul - Bucharest - WAITING_FOR_LANDING - 01:20:00
Wide Body - Airbus A380 - W43140 - Bologna - Bucharest - WAITING_FOR_LANDING - 01:30:00
Wide Body - Airbus A380 - LX1886 - Zurich - Bucharest - WAITING_FOR_LANDING - 01:40:00
