Bravo - FREE
Narrow Body - Airbus A320 - LX6881 - Zurich - Bucharest - WAITING_FOR_LANDING - 04:11:00
Narrow Body - Airbus A320 - W64134 - Rome - Bucharest - WAITING_FOR_LANDING - 04:22:00
Narrow Body - Airbus A320 - RO662 - Istanbul - Bucharest - WAITING_FOR_LANDING - 04:10:00
Narrow Body - Airbus A320 - W04134 - Bologna - Bucharest - WAITING_FOR_LANDING - 04:15:00
Narrow Body - Airbus A320 - KL7731 - Amsterdam - Bucharest - WAITING_FOR_LANDING - 04:20:00
