Delta - FREE
Narrow Body - Airbus A320 - LO646 - Bucharest - Warsaw - WAITING_FOR_TAKEOFF - 01:10:00
Narrow Body - Boeing 737 - W43047 - Bucharest - Athens - WAITING_FOR_TAKEOFF - 02:00:00
Narrow Body - Airbus A320 - RO265 - Bucharest - Istanbul - WAITING_FOR_TAKEOFF - 05:10:00
Narrow Body - Airbus A320 - OS786 - Bucharest - Vienna - WAITING_FOR_TAKEOFF - 11:10:00
